[scaleup] waiting for pid 12269 (run on the old corpus) to finish...
[scaleup] pid 12269 exited at 2026-08-12T01:10:48+07:00
[scaleup] benchmarking challenger/bc_policy_xattn.pt on the new corpus holdout at 2026-08-12T01:11:18+07:00
[eval] bc_policy_xattn.pt.meta.json has no 'arch' field; assuming the 2.68M default
[eval] arch {'dim': 64, 'nhead': 2, 'chain_layers': 8, 'hist_layers': 8, 'ctx_layers': 2, 'cross_layers': 2, 'ff_mult': 2, 'dropout': 0.1}
[eval] 243,394 val frames / 2,277 games (of 45,550)
[eval] 2,681,153 parameters

bc_policy_xattn.pt  on grimmsnarl_0724_0810.parquet (seed 0, holdout 0.05)
  val_loss       0.8212
  val_exact      71.2734%   over ~25,600 frames (82s)
  val_same_play  79.6914%   tie-aware; the metric's own ceiling is ~83.8%
[scaleup] launching the large run at 2026-08-12T01:12:46+07:00
[bc] 4,862,346 archetype frames over 45,550 episodes (2s to index)
[bc] train 4,618,952 frames / 43,273 games,  val 243,394 frames / 2,277 games
wandb: [wandb.login()] Loaded credentials for https://api.wandb.ai from /home/steve/.netrc.
wandb: Currently logged in as: sayid-10121012 (sayid-10121012-universitas-komputer-indonesia) to https://api.wandb.ai. Use `wandb login --relogin` to force relogin
wandb: setting up run 0xkypkqs
wandb: Tracking run with wandb version 0.28.1
wandb: Run data is saved locally in /home/steve/projects/pokemon-tcg-RL/training_PPO_grimsnarl_ex/wandb/run-20260812_011249-0xkypkqs
wandb: Run `wandb offline` to turn off syncing.
wandb: Syncing run bc-grimsnarl-xattn-large-d128
wandb: ⭐️ View project at https://wandb.ai/sayid-10121012-universitas-komputer-indonesia/pokemon-tcg-rl
wandb: 🚀 View run at https://wandb.ai/sayid-10121012-universitas-komputer-indonesia/pokemon-tcg-rl/runs/0xkypkqs
[wandb] https://wandb.ai/sayid-10121012-universitas-komputer-indonesia/pokemon-tcg-rl/runs/0xkypkqs
[bc] 9,587,585 parameters on cuda  arch={'dim': 128, 'nhead': 8, 'chain_layers': 12, 'hist_layers': 12, 'ctx_layers': 4, 'cross_layers': 6, 'ff_mult': 2, 'dropout': 0.1}
[bc] 72,171 steps/epoch; schedule=cosine warmup=2000 horizon=70,000
[bc] epoch 0 step 200 loss 1.3845 (222 frames/s)
[bc] epoch 0 step 400 loss 1.4229 (244 frames/s)
[bc] epoch 0 step 600 loss 1.4486 (251 frames/s)
[bc] epoch 0 step 800 loss 1.1840 (256 frames/s)
[bc] epoch 0 step 1000 loss 1.4034 (259 frames/s)
[bc] epoch 0 step 1200 loss 1.4340 (261 frames/s)
[bc] epoch 0 step 1400 loss 1.1010 (262 frames/s)
[bc] epoch 0 step 1600 loss 1.2905 (263 frames/s)
[bc] epoch 0 step 1800 loss 0.9628 (263 frames/s)
[bc] epoch 0 step 2000 loss 1.3664 (264 frames/s)
[bc] epoch 0 step 2200 loss 1.0702 (266 frames/s)
[bc] epoch 0 step 2400 loss 1.1565 (261 frames/s)
[bc] step 2500  val_loss 1.1181  val_exact 58.7%  same_play 65.9%  <- best, saved
[bc] epoch 0 step 2600 loss 1.1923 (217 frames/s)
[bc] epoch 0 step 2800 loss 0.7294 (206 frames/s)
[bc] epoch 0 step 3000 loss 0.9781 (195 frames/s)
[bc] epoch 0 step 3200 loss 1.2405 (186 frames/s)
[bc] epoch 0 step 3400 loss 1.0876 (184 frames/s)
[bc] epoch 0 step 3600 loss 1.1575 (177 frames/s)
[bc] epoch 0 step 3800 loss 1.1806 (172 frames/s)
[bc] epoch 0 step 4000 loss 0.8840 (169 frames/s)
[bc] epoch 0 step 4200 loss 0.8934 (165 frames/s)
[bc] epoch 0 step 4400 loss 1.0361 (163 frames/s)
[bc] epoch 0 step 4600 loss 1.1213 (159 frames/s)
[bc] epoch 0 step 4800 loss 1.4142 (156 frames/s)
[bc] epoch 0 step 5000 loss 1.1061 (155 frames/s)
[bc] step 5000  val_loss 1.0253  val_exact 62.9%  same_play 70.9%  <- best, saved
[bc] epoch 0 step 5200 loss 0.9659 (148 frames/s)
[bc] epoch 0 step 5400 loss 0.8861 (147 frames/s)
[bc] epoch 0 step 5600 loss 1.2871 (145 frames/s)
[bc] epoch 0 step 5800 loss 0.9062 (145 frames/s)
[bc] epoch 0 step 6000 loss 1.0031 (144 frames/s)
[bc] epoch 0 step 6200 loss 1.0098 (142 frames/s)
[bc] epoch 0 step 6400 loss 0.9401 (143 frames/s)
[bc] epoch 0 step 6600 loss 1.2452 (145 frames/s)
[bc] epoch 0 step 6800 loss 1.1020 (147 frames/s)
[bc] epoch 0 step 7000 loss 1.0869 (150 frames/s)
[bc] epoch 0 step 7200 loss 0.9608 (152 frames/s)
[bc] epoch 0 step 7400 loss 1.3144 (154 frames/s)
[bc] step 7500  val_loss 0.9865  val_exact 63.6%  same_play 70.8%  <- best, saved
[bc] epoch 0 step 7600 loss 1.1278 (155 frames/s)
[bc] epoch 0 step 7800 loss 1.1069 (157 frames/s)
[bc] epoch 0 step 8000 loss 0.9033 (159 frames/s)
[bc] epoch 0 step 8200 loss 1.1072 (161 frames/s)
[bc] epoch 0 step 8400 loss 0.9399 (163 frames/s)
[bc] epoch 0 step 8600 loss 0.8809 (164 frames/s)
[bc] epoch 0 step 8800 loss 0.8787 (166 frames/s)
[bc] epoch 0 step 9000 loss 0.7539 (168 frames/s)
[bc] epoch 0 step 9200 loss 1.0390 (170 frames/s)
[bc] epoch 0 step 9400 loss 0.7471 (171 frames/s)
[bc] epoch 0 step 9600 loss 0.7322 (173 frames/s)
[bc] epoch 0 step 9800 loss 0.8082 (175 frames/s)
[bc] epoch 0 step 10000 loss 0.7418 (176 frames/s)
[bc] step 10000  val_loss 0.9604  val_exact 64.5%  same_play 72.4%  <- best, saved
[bc] epoch 0 step 10200 loss 0.7290 (176 frames/s)
[bc] epoch 0 step 10400 loss 0.7886 (178 frames/s)
[bc] epoch 0 step 10600 loss 0.8685 (179 frames/s)
[bc] epoch 0 step 10800 loss 0.9118 (181 frames/s)
[bc] epoch 0 step 11000 loss 1.2314 (182 frames/s)
[bc] epoch 0 step 11200 loss 0.7829 (184 frames/s)
[bc] epoch 0 step 11400 loss 0.7908 (185 frames/s)
[bc] epoch 0 step 11600 loss 0.8946 (186 frames/s)
[bc] epoch 0 step 11800 loss 0.7282 (188 frames/s)
[bc] epoch 0 step 12000 loss 0.7311 (189 frames/s)
[bc] epoch 0 step 12200 loss 1.2427 (190 frames/s)
[bc] epoch 0 step 12400 loss 1.1312 (191 frames/s)
[bc] step 12500  val_loss 0.9187  val_exact 66.0%  same_play 73.4%  <- best, saved
[bc] epoch 0 step 12600 loss 0.9072 (191 frames/s)
[bc] epoch 0 step 12800 loss 0.8993 (192 frames/s)
[bc] epoch 0 step 13000 loss 0.8981 (194 frames/s)
[bc] epoch 0 step 13200 loss 0.8801 (195 frames/s)
[bc] epoch 0 step 13400 loss 1.0135 (196 frames/s)
[bc] epoch 0 step 13600 loss 1.2336 (197 frames/s)
[bc] epoch 0 step 13800 loss 0.9445 (198 frames/s)
[bc] epoch 0 step 14000 loss 0.8589 (199 frames/s)
[bc] epoch 0 step 14200 loss 0.8380 (200 frames/s)
[bc] epoch 0 step 14400 loss 0.8996 (201 frames/s)
[bc] epoch 0 step 14600 loss 0.9828 (202 frames/s)
[bc] epoch 0 step 14800 loss 1.0529 (203 frames/s)
[bc] epoch 0 step 15000 loss 0.6412 (204 frames/s)
[bc] step 15000  val_loss 0.8852  val_exact 66.8%  same_play 75.1%  <- best, saved
[bc] epoch 0 step 15200 loss 1.0318 (204 frames/s)
[bc] epoch 0 step 15400 loss 0.8646 (205 frames/s)
[bc] epoch 0 step 15600 loss 1.0077 (206 frames/s)
[bc] epoch 0 step 15800 loss 0.9233 (207 frames/s)
[bc] epoch 0 step 16000 loss 0.8109 (207 frames/s)
[bc] epoch 0 step 16200 loss 1.1866 (208 frames/s)
[bc] epoch 0 step 16400 loss 0.8499 (209 frames/s)
[bc] epoch 0 step 16600 loss 0.9345 (210 frames/s)
[bc] epoch 0 step 16800 loss 0.8807 (211 frames/s)
[bc] epoch 0 step 17000 loss 0.9841 (212 frames/s)
[bc] epoch 0 step 17200 loss 0.8361 (212 frames/s)
[bc] epoch 0 step 17400 loss 1.2735 (213 frames/s)
[bc] step 17500  val_loss 0.8802  val_exact 66.9%  same_play 74.9%  <- best, saved
[bc] epoch 0 step 17600 loss 1.0012 (213 frames/s)
[bc] epoch 0 step 17800 loss 0.9202 (214 frames/s)
[bc] epoch 0 step 18000 loss 0.8951 (214 frames/s)
[bc] epoch 0 step 18200 loss 0.7552 (215 frames/s)
[bc] epoch 0 step 18400 loss 1.2061 (216 frames/s)
[bc] epoch 0 step 18600 loss 0.7355 (217 frames/s)
[bc] epoch 0 step 18800 loss 1.0355 (217 frames/s)
[bc] epoch 0 step 19000 loss 1.0547 (218 frames/s)
[bc] epoch 0 step 19200 loss 0.8788 (219 frames/s)
[bc] epoch 0 step 19400 loss 0.9647 (219 frames/s)
[bc] epoch 0 step 19600 loss 0.8117 (220 frames/s)
[bc] epoch 0 step 19800 loss 1.4636 (221 frames/s)
[bc] epoch 0 step 20000 loss 1.0697 (221 frames/s)
[bc] step 20000  val_loss 0.8586  val_exact 68.3%  same_play 77.1%  <- best, saved
[bc] epoch 0 step 20200 loss 1.0180 (221 frames/s)
[bc] epoch 0 step 20400 loss 0.8425 (222 frames/s)
[bc] epoch 0 step 20600 loss 0.9599 (222 frames/s)
[bc] epoch 0 step 20800 loss 0.8712 (223 frames/s)
[bc] epoch 0 step 21000 loss 0.8864 (224 frames/s)
[bc] epoch 0 step 21200 loss 0.8916 (224 frames/s)
[bc] epoch 0 step 21400 loss 0.9455 (225 frames/s)
[bc] epoch 0 step 21600 loss 1.1004 (225 frames/s)
[bc] epoch 0 step 21800 loss 0.7199 (226 frames/s)
[bc] epoch 0 step 22000 loss 1.1619 (227 frames/s)
[bc] epoch 0 step 22200 loss 1.0832 (227 frames/s)
[bc] epoch 0 step 22400 loss 0.9015 (228 frames/s)
[bc] step 22500  val_loss 0.8295  val_exact 69.4%  same_play 78.5%  <- best, saved
[bc] epoch 0 step 22600 loss 0.9231 (227 frames/s)
[bc] epoch 0 step 22800 loss 1.5063 (228 frames/s)
[bc] epoch 0 step 23000 loss 0.7210 (228 frames/s)
[bc] epoch 0 step 23200 loss 1.0192 (229 frames/s)
[bc] epoch 0 step 23400 loss 0.6252 (229 frames/s)
[bc] epoch 0 step 23600 loss 0.7681 (230 frames/s)
[bc] epoch 0 step 23800 loss 0.4065 (231 frames/s)
[bc] epoch 0 step 24000 loss 0.6942 (231 frames/s)
[bc] epoch 0 step 24200 loss 0.6587 (232 frames/s)
[bc] epoch 0 step 24400 loss 0.8006 (232 frames/s)
[bc] epoch 0 step 24600 loss 0.8503 (233 frames/s)
[bc] epoch 0 step 24800 loss 0.9830 (233 frames/s)
[bc] epoch 0 step 25000 loss 0.7185 (234 frames/s)
[bc] step 25000  val_loss 0.8313  val_exact 69.2%  same_play 78.6%
[bc] epoch 0 step 25200 loss 0.5556 (233 frames/s)
[bc] epoch 0 step 25400 loss 0.8066 (234 frames/s)
[bc] epoch 0 step 25600 loss 0.9178 (234 frames/s)
[bc] epoch 0 step 25800 loss 1.0729 (235 frames/s)
[bc] epoch 0 step 26000 loss 0.8916 (235 frames/s)
[bc] epoch 0 step 26200 loss 0.7181 (235 frames/s)
[bc] epoch 0 step 26400 loss 1.1949 (236 frames/s)
[bc] epoch 0 step 26600 loss 0.7775 (236 frames/s)
[bc] epoch 0 step 26800 loss 0.9676 (237 frames/s)
[bc] epoch 0 step 27000 loss 0.7030 (237 frames/s)
[bc] epoch 0 step 27200 loss 0.8621 (238 frames/s)
[bc] epoch 0 step 27400 loss 1.3353 (238 frames/s)
[bc] step 27500  val_loss 0.7995  val_exact 70.7%  same_play 79.8%  <- best, saved
[bc] epoch 0 step 27600 loss 0.9818 (238 frames/s)
[bc] epoch 0 step 27800 loss 0.6017 (238 frames/s)
[bc] epoch 0 step 28000 loss 0.7660 (238 frames/s)
[bc] epoch 0 step 28200 loss 0.9289 (239 frames/s)
[bc] epoch 0 step 28400 loss 0.9705 (239 frames/s)
[bc] epoch 0 step 28600 loss 0.8616 (240 frames/s)
[bc] epoch 0 step 28800 loss 0.8151 (240 frames/s)
[bc] epoch 0 step 29000 loss 0.4940 (240 frames/s)
[bc] epoch 0 step 29200 loss 0.6685 (241 frames/s)
[bc] epoch 0 step 29400 loss 1.3470 (241 frames/s)
[bc] epoch 0 step 29600 loss 0.8490 (242 frames/s)
[bc] epoch 0 step 29800 loss 0.8595 (242 frames/s)
[bc] epoch 0 step 30000 loss 0.6023 (242 frames/s)
[bc] step 30000  val_loss 0.7914  val_exact 70.7%  same_play 79.6%  <- best, saved
[bc] epoch 0 step 30200 loss 0.6506 (242 frames/s)
[bc] epoch 0 step 30400 loss 0.6680 (242 frames/s)
[bc] epoch 0 step 30600 loss 0.8368 (243 frames/s)
[bc] epoch 0 step 30800 loss 0.9166 (243 frames/s)
[bc] epoch 0 step 31000 loss 0.7790 (243 frames/s)
[bc] epoch 0 step 31200 loss 1.1185 (244 frames/s)
[bc] epoch 0 step 31400 loss 0.7317 (244 frames/s)
[bc] epoch 0 step 31600 loss 0.8244 (244 frames/s)
[bc] epoch 0 step 31800 loss 0.7101 (245 frames/s)
[bc] epoch 0 step 32000 loss 0.7060 (245 frames/s)
[bc] epoch 0 step 32200 loss 0.6504 (245 frames/s)
[bc] epoch 0 step 32400 loss 1.0111 (246 frames/s)
[bc] step 32500  val_loss 0.7808  val_exact 71.1%  same_play 80.3%  <- best, saved
[bc] epoch 0 step 32600 loss 0.5987 (245 frames/s)
[bc] epoch 0 step 32800 loss 0.5980 (246 frames/s)
[bc] epoch 0 step 33000 loss 0.6755 (246 frames/s)
[bc] epoch 0 step 33200 loss 0.7971 (246 frames/s)
[bc] epoch 0 step 33400 loss 0.7597 (246 frames/s)
[bc] epoch 0 step 33600 loss 1.0079 (247 frames/s)
[bc] epoch 0 step 33800 loss 1.3434 (247 frames/s)
[bc] epoch 0 step 34000 loss 0.8562 (247 frames/s)
[bc] epoch 0 step 34200 loss 0.6894 (248 frames/s)
[bc] epoch 0 step 34400 loss 0.9340 (248 frames/s)
[bc] epoch 0 step 34600 loss 0.5982 (248 frames/s)
[bc] epoch 0 step 34800 loss 0.6759 (249 frames/s)
[bc] epoch 0 step 35000 loss 1.1255 (249 frames/s)
[bc] step 35000  val_loss 0.7846  val_exact 71.4%  same_play 80.7%  <- best, saved
[bc] epoch 0 step 35200 loss 1.1332 (249 frames/s)
[bc] epoch 0 step 35400 loss 0.6235 (249 frames/s)
[bc] epoch 0 step 35600 loss 0.5537 (249 frames/s)
[bc] epoch 0 step 35800 loss 0.7528 (249 frames/s)
[bc] epoch 0 step 36000 loss 0.7974 (250 frames/s)
[bc] epoch 0 step 36200 loss 1.3681 (250 frames/s)
[bc] epoch 0 step 36400 loss 1.0261 (250 frames/s)
[bc] epoch 0 step 36600 loss 0.7585 (251 frames/s)
[bc] epoch 0 step 36800 loss 0.9451 (251 frames/s)
[bc] epoch 0 step 37000 loss 0.7005 (251 frames/s)
[bc] epoch 0 step 37200 loss 0.8484 (251 frames/s)
[bc] epoch 0 step 37400 loss 0.8430 (252 frames/s)
[bc] step 37500  val_loss 0.7623  val_exact 71.5%  same_play 80.6%  <- best, saved
[bc] epoch 0 step 37600 loss 0.8427 (251 frames/s)
[bc] epoch 0 step 37800 loss 1.0387 (251 frames/s)
[bc] epoch 0 step 38000 loss 0.8844 (252 frames/s)
[bc] epoch 0 step 38200 loss 0.6660 (252 frames/s)
[bc] epoch 0 step 38400 loss 0.6803 (252 frames/s)
[bc] epoch 0 step 38600 loss 0.7485 (253 frames/s)
[bc] epoch 0 step 38800 loss 0.8380 (253 frames/s)
[bc] epoch 0 step 39000 loss 0.8940 (253 frames/s)
[bc] epoch 0 step 39200 loss 0.6867 (253 frames/s)
[bc] epoch 0 step 39400 loss 0.6554 (254 frames/s)
[bc] epoch 0 step 39600 loss 0.8404 (254 frames/s)
[bc] epoch 0 step 39800 loss 0.8362 (254 frames/s)
[bc] epoch 0 step 40000 loss 1.1430 (254 frames/s)
[bc] step 40000  val_loss 0.7560  val_exact 72.0%  same_play 81.2%  <- best, saved
[bc] epoch 0 step 40200 loss 0.7732 (254 frames/s)
[bc] epoch 0 step 40400 loss 0.7889 (254 frames/s)
[bc] epoch 0 step 40600 loss 0.7080 (254 frames/s)
[bc] epoch 0 step 40800 loss 0.5620 (255 frames/s)
[bc] epoch 0 step 41000 loss 0.6290 (255 frames/s)
[bc] epoch 0 step 41200 loss 0.8247 (255 frames/s)
[bc] epoch 0 step 41400 loss 0.7030 (255 frames/s)
[bc] epoch 0 step 41600 loss 0.6993 (255 frames/s)
[bc] epoch 0 step 41800 loss 0.8801 (256 frames/s)
[bc] epoch 0 step 42000 loss 0.6038 (256 frames/s)
[bc] epoch 0 step 42200 loss 0.8224 (256 frames/s)
[bc] epoch 0 step 42400 loss 0.7516 (256 frames/s)
[bc] step 42500  val_loss 0.7545  val_exact 71.8%  same_play 81.0%
[bc] epoch 0 step 42600 loss 0.8037 (256 frames/s)
[bc] epoch 0 step 42800 loss 0.7685 (256 frames/s)
[bc] epoch 0 step 43000 loss 1.1985 (256 frames/s)
[bc] epoch 0 step 43200 loss 1.0813 (257 frames/s)
[bc] epoch 0 step 43400 loss 0.6252 (257 frames/s)
[bc] epoch 0 step 43600 loss 0.7032 (257 frames/s)
[bc] epoch 0 step 43800 loss 1.2622 (257 frames/s)
[bc] epoch 0 step 44000 loss 0.9144 (257 frames/s)
wandb: WARNING Fatal error while uploading data. Some run data will not be synced, but it will still be written to disk. Use `wandb sync` at the end of the run to try uploading.
[bc] epoch 0 step 44200 loss 0.8342 (258 frames/s)
[bc] epoch 0 step 44400 loss 0.5224 (258 frames/s)
[bc] epoch 0 step 44600 loss 0.7232 (258 frames/s)
[bc] epoch 0 step 44800 loss 0.7670 (258 frames/s)
[bc] epoch 0 step 45000 loss 0.5657 (258 frames/s)
[bc] step 45000  val_loss 0.7417  val_exact 72.1%  same_play 81.4%  <- best, saved
[bc] epoch 0 step 45200 loss 0.8092 (258 frames/s)
[bc] epoch 0 step 45400 loss 0.7246 (258 frames/s)
[bc] epoch 0 step 45600 loss 1.0193 (258 frames/s)
[bc] epoch 0 step 45800 loss 0.7321 (259 frames/s)
[bc] epoch 0 step 46000 loss 0.6435 (259 frames/s)
[bc] epoch 0 step 46200 loss 0.8191 (259 frames/s)
[bc] epoch 0 step 46400 loss 0.6537 (259 frames/s)
[bc] epoch 0 step 46600 loss 1.1756 (259 frames/s)
[bc] epoch 0 step 46800 loss 0.7964 (260 frames/s)
[bc] epoch 0 step 47000 loss 0.7091 (260 frames/s)
[bc] epoch 0 step 47200 loss 0.6383 (260 frames/s)
[bc] epoch 0 step 47400 loss 0.4666 (260 frames/s)
[bc] step 47500  val_loss 0.7403  val_exact 72.6%  same_play 81.8%  <- best, saved
[bc] epoch 0 step 47600 loss 0.7240 (260 frames/s)
[bc] epoch 0 step 47800 loss 0.7550 (260 frames/s)
[bc] epoch 0 step 48000 loss 1.0166 (260 frames/s)
[bc] epoch 0 step 48200 loss 0.9071 (260 frames/s)
[bc] epoch 0 step 48400 loss 0.8630 (260 frames/s)
[bc] epoch 0 step 48600 loss 0.5735 (261 frames/s)
[bc] epoch 0 step 48800 loss 1.0795 (261 frames/s)
[bc] epoch 0 step 49000 loss 0.6345 (261 frames/s)
[bc] epoch 0 step 49200 loss 0.8348 (261 frames/s)
[bc] epoch 0 step 49400 loss 0.6862 (261 frames/s)
[bc] epoch 0 step 49600 loss 0.8498 (262 frames/s)
[bc] epoch 0 step 49800 loss 0.6399 (262 frames/s)
[bc] epoch 0 step 50000 loss 0.5582 (262 frames/s)
[bc] step 50000  val_loss 0.7420  val_exact 72.0%  same_play 81.5%
[bc] epoch 0 step 50200 loss 0.9565 (261 frames/s)
[bc] epoch 0 step 50400 loss 0.7951 (262 frames/s)
[bc] epoch 0 step 50600 loss 0.5521 (262 frames/s)
[bc] epoch 0 step 50800 loss 0.6292 (262 frames/s)
[bc] epoch 0 step 51000 loss 0.6080 (262 frames/s)
[bc] epoch 0 step 51200 loss 0.4217 (262 frames/s)
[bc] epoch 0 step 51400 loss 0.6013 (262 frames/s)
[bc] epoch 0 step 51600 loss 0.4243 (263 frames/s)
[bc] epoch 0 step 51800 loss 0.6734 (263 frames/s)
[bc] epoch 0 step 52000 loss 0.5569 (263 frames/s)
[bc] epoch 0 step 52200 loss 0.6348 (263 frames/s)
[bc] epoch 0 step 52400 loss 0.5900 (263 frames/s)
[bc] step 52500  val_loss 0.7364  val_exact 72.6%  same_play 81.7%
[bc] epoch 0 step 52600 loss 0.9704 (263 frames/s)
[bc] epoch 0 step 52800 loss 0.6679 (263 frames/s)
[bc] epoch 0 step 53000 loss 0.8739 (263 frames/s)
[bc] epoch 0 step 53200 loss 0.5089 (263 frames/s)
[bc] epoch 0 step 53400 loss 0.8212 (264 frames/s)
[bc] epoch 0 step 53600 loss 0.9336 (264 frames/s)
[bc] epoch 0 step 53800 loss 0.6651 (264 frames/s)
[bc] epoch 0 step 54000 loss 0.8571 (264 frames/s)
[bc] epoch 0 step 54200 loss 0.6835 (264 frames/s)
[bc] epoch 0 step 54400 loss 0.7027 (264 frames/s)
[bc] epoch 0 step 54600 loss 0.8675 (264 frames/s)
[bc] epoch 0 step 54800 loss 1.2456 (265 frames/s)
[bc] epoch 0 step 55000 loss 0.5174 (265 frames/s)
[bc] step 55000  val_loss 0.7304  val_exact 72.8%  same_play 81.9%  <- best, saved
[bc] epoch 0 step 55200 loss 0.7040 (264 frames/s)
[bc] epoch 0 step 55400 loss 0.8264 (265 frames/s)
[bc] epoch 0 step 55600 loss 0.9372 (265 frames/s)
[bc] epoch 0 step 55800 loss 0.7537 (265 frames/s)
[bc] epoch 0 step 56000 loss 0.6626 (265 frames/s)
[bc] epoch 0 step 56200 loss 0.5951 (265 frames/s)
[bc] epoch 0 step 56400 loss 1.1384 (265 frames/s)
[bc] epoch 0 step 56600 loss 0.9562 (265 frames/s)
[bc] epoch 0 step 56800 loss 0.7251 (266 frames/s)
[bc] epoch 0 step 57000 loss 0.9676 (266 frames/s)
[bc] epoch 0 step 57200 loss 0.5699 (266 frames/s)
[bc] epoch 0 step 57400 loss 0.7770 (266 frames/s)
[bc] step 57500  val_loss 0.7355  val_exact 72.7%  same_play 82.0%
[bc] epoch 0 step 57600 loss 0.7529 (266 frames/s)
[bc] epoch 0 step 57800 loss 0.8377 (266 frames/s)
[bc] epoch 0 step 58000 loss 0.6934 (266 frames/s)
[bc] epoch 0 step 58200 loss 0.8910 (266 frames/s)
[bc] epoch 0 step 58400 loss 0.8755 (266 frames/s)
[bc] epoch 0 step 58600 loss 0.9029 (266 frames/s)
[bc] epoch 0 step 58800 loss 0.5388 (266 frames/s)
[bc] epoch 0 step 59000 loss 0.5055 (266 frames/s)
[bc] epoch 0 step 59200 loss 1.1323 (266 frames/s)
[bc] epoch 0 step 59400 loss 0.7437 (267 frames/s)
[bc] epoch 0 step 59600 loss 0.5518 (267 frames/s)
[bc] epoch 0 step 59800 loss 1.1451 (267 frames/s)
[bc] epoch 0 step 60000 loss 0.6782 (267 frames/s)
[bc] step 60000  val_loss 0.7302  val_exact 72.7%  same_play 81.9%
[bc] epoch 0 step 60200 loss 0.5448 (267 frames/s)
[bc] epoch 0 step 60400 loss 0.4609 (267 frames/s)
[bc] epoch 0 step 60600 loss 0.7309 (267 frames/s)
[bc] epoch 0 step 60800 loss 1.2079 (267 frames/s)
[bc] epoch 0 step 61000 loss 0.6602 (267 frames/s)
[bc] epoch 0 step 61200 loss 0.8014 (267 frames/s)
[bc] epoch 0 step 61400 loss 1.1208 (267 frames/s)
[bc] epoch 0 step 61600 loss 0.7840 (267 frames/s)
[bc] epoch 0 step 61800 loss 0.7977 (267 frames/s)
[bc] epoch 0 step 62000 loss 0.6714 (267 frames/s)
[bc] epoch 0 step 62200 loss 0.7958 (268 frames/s)
[bc] epoch 0 step 62400 loss 0.6491 (268 frames/s)
[bc] step 62500  val_loss 0.7186  val_exact 72.8%  same_play 81.9%  <- best, saved
[bc] epoch 0 step 62600 loss 0.5784 (267 frames/s)
[bc] epoch 0 step 62800 loss 0.5880 (267 frames/s)
[bc] epoch 0 step 63000 loss 0.3982 (268 frames/s)
[bc] epoch 0 step 63200 loss 0.5190 (268 frames/s)
[bc] epoch 0 step 63400 loss 0.5240 (268 frames/s)
[bc] epoch 0 step 63600 loss 0.4149 (268 frames/s)
[bc] epoch 0 step 63800 loss 0.6273 (268 frames/s)
[bc] epoch 0 step 64000 loss 0.6915 (268 frames/s)
[bc] epoch 0 step 64200 loss 0.7160 (268 frames/s)
[bc] epoch 0 step 64400 loss 0.8205 (268 frames/s)
[bc] epoch 0 step 64600 loss 0.7519 (268 frames/s)
[bc] epoch 0 step 64800 loss 0.7553 (268 frames/s)
[bc] epoch 0 step 65000 loss 0.8787 (269 frames/s)
[bc] step 65000  val_loss 0.7221  val_exact 73.3%  same_play 82.5%  <- best, saved
[bc] epoch 0 step 65200 loss 0.7606 (268 frames/s)
[bc] epoch 0 step 65400 loss 0.6151 (268 frames/s)
[bc] epoch 0 step 65600 loss 1.1204 (268 frames/s)
[bc] epoch 0 step 65800 loss 0.5596 (268 frames/s)
[bc] epoch 0 step 66000 loss 1.0716 (269 frames/s)
[bc] epoch 0 step 66200 loss 0.7709 (269 frames/s)
[bc] epoch 0 step 66400 loss 0.7136 (269 frames/s)
[bc] epoch 0 step 66600 loss 0.7511 (269 frames/s)
[bc] epoch 0 step 66800 loss 0.8431 (269 frames/s)
[bc] epoch 0 step 67000 loss 0.9254 (269 frames/s)
[bc] epoch 0 step 67200 loss 0.6772 (269 frames/s)
[bc] epoch 0 step 67400 loss 0.7407 (269 frames/s)
[bc] step 67500  val_loss 0.7184  val_exact 73.1%  same_play 82.3%
[bc] epoch 0 step 67600 loss 0.6051 (269 frames/s)
[bc] epoch 0 step 67800 loss 0.9829 (269 frames/s)
[bc] epoch 0 step 68000 loss 0.6268 (269 frames/s)
[bc] epoch 0 step 68200 loss 0.6841 (269 frames/s)
[bc] epoch 0 step 68400 loss 1.1420 (269 frames/s)
[bc] epoch 0 step 68600 loss 0.4558 (269 frames/s)
[bc] epoch 0 step 68800 loss 0.9194 (269 frames/s)
[bc] epoch 0 step 69000 loss 0.8338 (269 frames/s)
[bc] epoch 0 step 69200 loss 0.9633 (270 frames/s)
[bc] epoch 0 step 69400 loss 0.7730 (270 frames/s)
[bc] epoch 0 step 69600 loss 0.4902 (270 frames/s)
[bc] epoch 0 step 69800 loss 0.5392 (270 frames/s)
[bc] epoch 0 step 70000 loss 0.6881 (270 frames/s)
[bc] step 70000  val_loss 0.7223  val_exact 73.1%  same_play 82.5%
wandb: updating run metadata
wandb: 
wandb: Run history:
wandb: bc/best_val_exact_match ▁▃▃▄▄▅▅▆▆▆▇▇▇▇▇▇▇▇██████████
wandb:                bc/epoch ▁▁▁▁▁▁▁▁▁▁▁▁▁▁▁▁▁▁▁▁▁▁▁▁▁▁▁▁▁▁▁▁▁▁▁▁▁▁▁▁
wandb:    bc/frames_per_second ▅█▅▃▂▂▁▁▁▂▄▄▄▄▅▅▅▆▆▆▆▆▇▇▇▇▇▇▇▇██████████
wandb:                   bc/lr ▄▆▇██████▇▇▇▇▇▇▆▆▆▆▆▅▅▅▄▄▃▃▃▃▃▃▃▂▂▂▂▂▁▁▁
wandb:           bc/train_loss ▆▄▅▄▄▄▆▄▆▅▄▄▄█▃▄▃▃▁▃▇▄▃▃▄▄▃▃▄▄▂▄▂▁▅▃▃▃▃▁
wandb:      bc/val_exact_match ▁▃▃▄▄▅▅▆▆▆▇▇▇▇▇▇▇▇█▇████████
wandb:             bc/val_loss █▆▆▅▅▄▄▃▃▃▂▂▂▂▂▂▂▁▁▁▁▁▁▁▁▁▁▁
wandb:  bc/val_same_play_match ▁▃▃▄▄▅▅▆▆▆▇▇▇▇▇▇▇███████████
wandb: 
wandb: Run summary:
wandb: bc/best_val_exact_match 0.73307
wandb:                bc/epoch 0
wandb:    bc/frames_per_second 269.91571
wandb:                   bc/lr 3e-05
wandb:           bc/lr_horizon 70000
wandb:              bc/minutes 277.07268
wandb:           bc/parameters 9587585
wandb:                bc/steps 70000
wandb:      bc/steps_per_epoch 72171
wandb:           bc/train_loss 0.6881
wandb:                      +3 ...
wandb: 
wandb: 🚀 View run bc-grimsnarl-xattn-large-d128 at: https://wandb.ai/sayid-10121012-universitas-komputer-indonesia/pokemon-tcg-rl/runs/0xkypkqs
wandb: ⭐️ View project at: https://wandb.ai/sayid-10121012-universitas-komputer-indonesia/pokemon-tcg-rl
wandb: Synced 2 W&B file(s), 0 media file(s), 0 artifact file(s) and 0 other file(s)
wandb: Find logs at: ./wandb/run-20260812_011249-0xkypkqs/logs
[bc] done in 277.1 min, best val exact 73.3%
[bc] checkpoint -> challenger/bc_policy_xattn_large.pt
[scaleup] finished at 2026-08-12T05:49:57+07:00
